      2 61
      4 62
      1 100
     12 101
